"blank"					"=========================="
"blank"					"Communication"
"blank"					"=========================="
"+voicerecord"				"Voice"
"speakall"				"Switch Voice Channel"
"messagemode"				"Message Chat"
"messagemode2"				"Message Team"
"blank"					"=========================="
"blank"					"Movement"
"blank"					"=========================="
"+forward"				"Move forward"
"+back"					"Move back"
"+left"					"Turn left"
"+right"				"Turn right"
"+moveleft"				"Strafe left"
"+moveright"				"Strafe right"
"+jump"					"Jump"
"+duck"					"Duck"
"+moveup"				"Swim up"
"+movedown"				"Swim down"
"+strafe"				"Hold Strafe"
"+speed"		        	"Hold Walk"
"+lookup"				"Look up"
"+lookdown"				"Look down"
"centerview"				"Look forward"
"+mlook"				"Hold Mouse Look"
"+klook"				"Hold Keyboard Look"
"blank"					"=========================="
"blank"					"Combat"
"blank"					"=========================="
"+attack"				"Primary attack"
"+attack2"				"Secondary attack"
"firemode"				"Switch Firemode"
"+reload"				"Reload"
"slot1"					"Melee Weapons"
"slot2"					"Grenades"
"slot3" 				"Sidearms"
"slot4"					"Guns"
"slot5"					"Vehicle Weapons"
"invprev"				"Previous weapon"
"invnext"				"Next weapon"
"lastinv"				"Last used weapon"
"blank"					"=========================="
"blank"					"Miscellaneous"
"blank"					"=========================="
"toggleconsole"				"Console"
"command"				"Leader Menu"
"teammenu"				"Team Menu"
"classmenu"				"Class Menu"
"weaponmenu"				"Weapon Menu"
"deathmenu"				"Death Menu"
"respawn"				"Respawn"
"spectate"				"Spectate"
"specialmove"				"Use special ability"
"+use"					"Use item"
"impulse 100"				"Use flashlight"
"impulse 201"				"Spray logo"
"+showscores"				"Display scores"
"snapshot"				"Take screenshot"
"quit"					"Quit game"